HTTP debuglevel: 0
 * Debug mode: on
2025-12-16 17:25:29 | INFO | werkzeug | [31m[1mWARNING: This is a development server. Do not use it in a production deployment. Use a production WSGI server instead.[0m
 * Running on http://127.0.0.1:5000
2025-12-16 17:25:29 | INFO | werkzeug | [33mPress CTRL+C to quit[0m
2025-12-16 17:25:29 | INFO | werkzeug |  * Restarting with stat
HTTP debuglevel: 0
Booting retrieval system…
Boot: got hive post
Boot: extracted registry json
Boot: parsed registry
Boot: got manifest
Boot: got groups_url_map
Boot: got vocab
Boot: got centroids
Boot: got stopwords
Boot: got roles
✓ Boot complete: 154,397 vocab | 133 centroids
2025-12-16 17:25:36 | WARNING | werkzeug |  * Debugger is active!
2025-12-16 17:25:37 | INFO | werkzeug |  * Debugger PIN: 486-204-635
